// Jest Snapshot v1, https://goo.gl/fbAQLP

exports[`document.body !== document.scrollingElement edge cases should not attempt scrolling body 1`] = `
Array [
  Object {
    "el": "html",
    "left": 0,
    "top": 750,
  },
]
`;
