// Jest Snapshot v1, https://goo.gl/fbAQLP

exports[`scrollMode: if-needed test 0, block start, inline start 1`] = `
Array [
  Object {
    "el": "div.inner-scroll-container",
    "left": 55.546875,
    "top": 55.546875,
  },
  Object {
    "el": "div.outer-scroll-container",
    "left": 300,
    "top": 300,
  },
  Object {
    "el": "html",
    "left": 1000,
    "top": 1200,
  },
]
`;

exports[`scrollMode: if-needed test 1, block start, inline center 1`] = `
Array [
  Object {
    "el": "div.inner-scroll-container",
    "left": 99.96875,
    "top": 55.546875,
  },
  Object {
    "el": "div.outer-scroll-container",
    "left": 200,
    "top": 300,
  },
  Object {
    "el": "html",
    "left": 800,
    "top": 1200,
  },
]
`;

exports[`scrollMode: if-needed test 2, block start, inline end 1`] = `
Array [
  Object {
    "el": "div.inner-scroll-container",
    "left": 144.390625,
    "top": 55.546875,
  },
  Object {
    "el": "div.outer-scroll-container",
    "left": 100,
    "top": 300,
  },
  Object {
    "el": "html",
    "left": 600,
    "top": 1200,
  },
]
`;

exports[`scrollMode: if-needed test 3, block center, inline start 1`] = `
Array [
  Object {
    "el": "div.inner-scroll-container",
    "left": 55.546875,
    "top": 99.984375,
  },
  Object {
    "el": "div.outer-scroll-container",
    "left": 300,
    "top": 200,
  },
  Object {
    "el": "html",
    "left": 1000,
    "top": 1100,
  },
]
`;

exports[`scrollMode: if-needed test 4, block center, inline center 1`] = `
Array [
  Object {
    "el": "div.inner-scroll-container",
    "left": 99.96875,
    "top": 99.984375,
  },
  Object {
    "el": "div.outer-scroll-container",
    "left": 200,
    "top": 200,
  },
  Object {
    "el": "html",
    "left": 800,
    "top": 1100,
  },
]
`;

exports[`scrollMode: if-needed test 5, block center, inline end 1`] = `
Array [
  Object {
    "el": "div.inner-scroll-container",
    "left": 144.390625,
    "top": 99.984375,
  },
  Object {
    "el": "div.outer-scroll-container",
    "left": 100,
    "top": 200,
  },
  Object {
    "el": "html",
    "left": 600,
    "top": 1100,
  },
]
`;

exports[`scrollMode: if-needed test 6, block end, inline start 1`] = `
Array [
  Object {
    "el": "div.inner-scroll-container",
    "left": 55.546875,
    "top": 144.421875,
  },
  Object {
    "el": "div.outer-scroll-container",
    "left": 300,
    "top": 100,
  },
  Object {
    "el": "html",
    "left": 1000,
    "top": 1000,
  },
]
`;

exports[`scrollMode: if-needed test 7, block end, inline center 1`] = `
Array [
  Object {
    "el": "div.inner-scroll-container",
    "left": 99.96875,
    "top": 144.421875,
  },
  Object {
    "el": "div.outer-scroll-container",
    "left": 200,
    "top": 100,
  },
  Object {
    "el": "html",
    "left": 800,
    "top": 1000,
  },
]
`;

exports[`scrollMode: if-needed test 8, block end, inline end 1`] = `
Array [
  Object {
    "el": "div.inner-scroll-container",
    "left": 144.390625,
    "top": 144.421875,
  },
  Object {
    "el": "div.outer-scroll-container",
    "left": 100,
    "top": 100,
  },
  Object {
    "el": "html",
    "left": 600,
    "top": 1000,
  },
]
`;
